2025-04-04 06:28:09.465932 - Received CBT.V508.FILE236.PDS from FILE236.XMI 
2025-04-04 06:28:09.467120 - Found $$$#DATE.txt (text/plain) in CBT.V508.FILE236.PDS, moved to PDS/$$$#DATE
2025-04-04 06:28:09.467267 - Found $$DOC.txt (text/plain) in CBT.V508.FILE236.PDS, moved to PDS/$$DOC
2025-04-04 06:28:09.467396 - Found $$ILLUST.txt (text/plain) in CBT.V508.FILE236.PDS, moved to PDS/$$ILLUST
2025-04-04 06:28:09.467514 - Found $$NOTE.txt (text/plain) in CBT.V508.FILE236.PDS, moved to PDS/$$NOTE
2025-04-04 06:28:09.467631 - Found @FILE236.txt (text/plain) in CBT.V508.FILE236.PDS, moved to PDS/@FILE236
2025-04-04 06:28:09.467780 - Found HOWTOFIT.txt (text/plain) in CBT.V508.FILE236.PDS, moved to PDS/HOWTOFIT
2025-04-04 06:28:09.467900 - Found SDFP230A.txt (text/plain) in CBT.V508.FILE236.PDS, moved to PDS/SDFP230A
2025-04-04 06:28:09.468017 - Found SDFP230B.txt (text/plain) in CBT.V508.FILE236.PDS, moved to PDS/SDFP230B
2025-04-04 06:28:09.468133 - Found SDFP230C.txt (text/plain) in CBT.V508.FILE236.PDS, moved to PDS/SDFP230C
2025-04-04 06:28:09.468247 - Found SDFP230D.txt (text/plain) in CBT.V508.FILE236.PDS, moved to PDS/SDFP230D
2025-04-04 06:28:09.468367 - Found SDFP230E.txt (text/plain) in CBT.V508.FILE236.PDS, moved to PDS/SDFP230E
2025-04-04 06:28:09.468497 - Found SDFP230F.txt (text/plain) in CBT.V508.FILE236.PDS, moved to PDS/SDFP230F
2025-04-04 06:28:09.468621 - Found SDFP230G.txt (text/plain) in CBT.V508.FILE236.PDS, moved to PDS/SDFP230G
2025-04-04 06:28:09.468744 - Found SDFP230H.txt (text/plain) in CBT.V508.FILE236.PDS, moved to PDS/SDFP230H
2025-04-04 06:28:09.468867 - Found SDFP240A.txt (text/plain) in CBT.V508.FILE236.PDS, moved to PDS/SDFP240A
2025-04-04 06:28:09.468978 - Found SDFP320A.txt (text/plain) in CBT.V508.FILE236.PDS, moved to PDS/SDFP320A
2025-04-04 06:28:09.469096 - Found SDFP320B.txt (text/plain) in CBT.V508.FILE236.PDS, moved to PDS/SDFP320B
2025-04-04 06:28:09.469216 - Found SDFP320C.txt (text/plain) in CBT.V508.FILE236.PDS, moved to PDS/SDFP320C
2025-04-04 06:28:09.469374 - Found SDFP320D.txt (text/plain) in CBT.V508.FILE236.PDS, moved to PDS/SDFP320D
2025-04-04 06:28:09.469488 - Found SDFP320E.txt (text/plain) in CBT.V508.FILE236.PDS, moved to PDS/SDFP320E
2025-04-04 06:28:09.469611 - Found SDFP330A.txt (text/plain) in CBT.V508.FILE236.PDS, moved to PDS/SDFP330A
2025-04-04 06:28:09.469732 - Found SDFP330B.txt (text/plain) in CBT.V508.FILE236.PDS, moved to PDS/SDFP330B
2025-04-04 06:28:09.469859 - Found SDFS110A.txt (text/plain) in CBT.V508.FILE236.PDS, moved to PDS/SDFS110A
